Day-13  
19th May 2025

CONDITIONS
1.if-else condition
if(condition){
//body of if statement
}
else{
//body of else statement
}

Enter your age and verify your eligibilityfor election voting

#include <stdio.h>

int main(){
int age;
printf("Enter your age:");
scanf("%d", &age);

if(age >= 18){
printf("\n You are eligible for voting");
}
else{
printf("\n You are not eligible for voting");
}

return 0;
}

Output:
[2021ict37@fedora ~]$ ./second1
Enter your age:23

You are eligible for voting[2021ict37@fedora ~]$

Enter your age:17

 You are not eligible for voting[2021ict37@fedora ~]$

2.turnery operator
//test_condition ? expression1 : expression2;

#include <stdio.h>

int main(){
int age;
printf("Enter your age:");
scanf("%d", &age);

age >= 18 ? printf("\nYou are eligible for voting") : printf("\nYou are not eligible for voting");
return 0;
}


Output:
[2021ict37@fedora ~]$ ./second1
Enter your age:24

You are eligible for voting[2021ict37@fedora ~]$

3.switch case
#include <stdio.h>

int main(){
int day;
printf("Enter the number to get week of the day:");
scanf("%d", &day);


switch (day) {
  case 1:
    printf("Monday");
    break;
  case 2:
    printf("Tuesday");
    break;
  case 3:
    printf("Wednesday");
    break;
  case 4:
    printf("Thursday");
    break;
  case 5:
    printf("Friday");
    break;
  case 6:
    printf("Saturday");
    break;
  case 7:
    printf("Sunday");
    break;
 default:
    printf("Invalid input");
}
return 0;
}

output:
[2021ict37@fedora ~]$ ./second2
Enter the number to get week of the day:9
Invalid input[2021ict3./second2
Enter the number to get week of the day:4
Thursday

4.
#include <stdio.h>

int main(){
int day;
printf("Enter the date of birthday:");
scanf("%d", &day);

if(day > 31 || day < 1){
printf("\ninvalid day");
}
else{
int a = day % 10;
int b = day / 10;
int c = a+b;
switch (c) {
  case 1:
    printf("Luck");
    break;
  case 2:
    printf("Carefully do your work");
    break;
  case 3:
    printf("Stronger");
    break;
  case 4:
    printf("Happy");
    break;
  case 5:
    printf("Can get help");
    break;
  case 6:
    printf("Dout");
    break;
  case 7:
    printf("Sad");
    break;
 case 8:
    printf("Like");
    break;
case 9:
    printf("Courage");
    break;

}

}

return 0;
}

5.get list of number and calculate summation and multiplication

#include<stdio.h>

int main(){
int n;
printf("Enter how many you have to input:");
scanf("%d", &n);

int number;
int sum=0;
int mul=1;
for(int i=1; i<=n; i++){
printf("Enter number %d:", i);
scanf("%d", &number);
sum=sum+number;
mul=mul*number;
}

printf("Summation of numbers: %d\n", sum);
printf("Multiplication of numbers: %d", mul);

return 0;
}

Output:
[2021ict37@fedora ~]$ ./second6
Enter how many you have to input:5
Enter number 1:1
Enter number 2:2
Enter number 3:3
Enter number 4:4
Enter number 5:5
Summation of numbers: 15
Multiplication of numbers: 120

6.print 1 to 10 using while loop
#include<stdio.h>

int main(){

int i=1;
while(i<=10){
printf("%d ", i);
i++;
}

return 0;
}

output:
[2021ict37@fedora ~]$ ./second7
1 2 3 4 5 6 7 8 9 10 

5.fibonacci series

#include <stdio.h>

int main(){

int n;
printf("Enter the number to print Fibonacci series:");
scanf("%d", &n);

int a=0;
int b=1;
for(int i=0; i<=n; i++){
printf("%d ", a);
int c=a+b;
a=b;
b=c;
}

return 0;
}

Output:
[2021ict37@fedora ~]$ ./second4
Enter the number to print Fibonacci series:10
0 1 1 2 3 5 8 13 21 34 55 

6.factorial of non negative integer

#include<stdio.h>

int main(){
int n;
printf("Enter the number to print Factorial series:");
scanf("%d", &n);

int fact;
if(n < 1){
printf("Invalid input, Print a non negetive integer");
}
else{

fact=1;
for(int i=1; i<=n; i++){
 fact = fact*i;
}
}
printf("\n Factorial of %d : %d", n, fact);
return 0;

}

output:
[2021ict37@fedora ~]$ ./second4
Enter the number to print Factorial series:-8
Invalid input, Print a non negetive integer
 Factorial of -8 : 0[2./second4
Enter the number to print Factorial series:5

 Factorial of 5 : 120

7.
Write a C program that:
Accepts two strings as input from the user.
Concatenates the two strings Displays the concatenated result.

#include <stdio.h>

int main(){
char str1[100];
char str2[100];

printf("Enter the string1:");
scanf("%s", &str1);
printf("Enter the string1:");
scanf("%s", &str2);

strcat(str1,str2);
printf("Concatenated string: %s", str1);

return 0;
}

Output:
Output:
[2021ict37@fedora ~]$ ./strcat                                                                               
Enter the string1:hello
Enter the string2:world
Concatenated string: helloworld

8.Write a C program that takes a binary number (as an integer) as input and 
converts it to its decimal equivalent.


#include <stdio.h>

int main() {
    int binaryNumber, decimalNumber = 0, base = 1, remainder;

    printf("Enter a binary number: ");
    scanf("%d", &binaryNumber);

    while (binaryNumber > 0) {
        remainder = binaryNumber % 10;
        decimalNumber = decimalNumber + remainder * base;
        binaryNumber = binaryNumber / 10;
        base = base * 2;
    }

    printf("Decimal equivalent: %d\n", decimalNumber);

    return 0;
}


Output:
[2021ict37@fedora ~]$ ./binarynew                                                                            
Enter a binary number: 10011
Decimal equivalent: 19
9.
Write a C program that:
Accepts an array of integers from the user.
Finds and displays the maximum and minimum values in the array.


#include <stdio.h>

int main() {
    int size;

    printf("Enter the size of the array: ");
    scanf("%d", &size);

    int arr[size];
    int i, max, min;

    printf("Enter %d elements:\n", size);
    for (i = 0; i < size; i++) {
        scanf("%d", &arr[i]);
    }

    max = min = arr[0];

    for (i = 1; i < size; i++) {
        if (arr[i] > max)
            max = arr[i];
        if (arr[i] < min)
            min = arr[i];
    }

    printf("Maximum value: %d\n", max);
    printf("Minimum value: %d\n", min);

    return 0;
}

Output:
[2021ict37@fedora ~]$ ./minmax
Enter the size of the array: 6
Enter 6 elements:
22
45
67
43
12
89
Maximum value: 89
Minimum value: 12


10.
C program to generate Pascal's Triangle.

Output:
no of rows =5
          1
        1   1
      1   2   1
    1   3   3   1
  1   4   6   4   1



#include <stdio.h>

int main() {
    int rows, i, j, space, num;

    printf("Enter the number of rows for Pascal's Triangle: ");
    scanf("%d", &rows);

    for (i = 0; i < rows; i++) {
        // Print spaces
        for (space = 1; space <= rows - i; space++) {
            printf("  ");
        }

        num = 1;
        for (j = 0; j <= i; j++) {
            printf("%4d", num);
            num = num * (i - j) / (j + 1);
        }
        printf("\n");
    }

    return 0;
}


Output:
[2021ict37@fedora ~]$ ./pascal                                                               
Enter the number of rows for Pascal's Triangle: 5
             1
           1   1
         1   2   1
       1   3   3   1
     1   4   6   4   1


